{
  "provenance": "Modern synthetic capability control, not historical-only discovery",
  "shuffle_seed": 1686,
  "arithmetic_record_multiplicity": 128,
  "records": 98121,
  "family_counts": {
    "math_subtraction": 69632,
    "math_elimination": 28489
  },
  "original_train_sha256": "d8c1a6e8e015b2a439b70713038b0e046df892b3d844743626d30fd4c40d6958",
  "unchanged_validation_sha256": "83161b1b7c1476e3c8c76c0aae1d0881a17d57a687a8064fa0029d4d46c463c1",
  "balanced_train_sha256": "7084067c2f8017dbeb676e5c0507b024aaaba2f09f8f4bf9b5f0a55876b6c1b7"
}
{
  "tokenizer": "data/tokenizer_v11/pre1687_bpe.model",
  "data": [
    "data/math_calibration/balanced_train.jsonl"
  ],
  "output": "data/math_calibration/balanced.bin",
  "documents": 98121,
  "tokens": 3291420,
  "bytes": 6582840,
  "dtype": "uint16",
  "loss_weights_output": "data/math_calibration/balanced_weights.bin",
  "focus_final_exponent": false,
  "answer_only": true,
  "subtraction_weight": 1
}
step=1 loss=5.7926 elapsed_s=1.2 max_GB=4.12
step=250 loss=0.2627 elapsed_s=17.7 max_GB=4.99
step=500 loss=0.1099 elapsed_s=34.5 max_GB=4.99
step=750 loss=0.0958 elapsed_s=51.8 max_GB=4.99
step=1000 loss=0.0923 elapsed_s=69.3 max_GB=4.99
{
  "label": "synthetic_math_balanced_not_historical_only",
  "parameters": 91510272,
  "vocab_size": 8000,
  "train_tokens": 3291420,
  "validation_tokens": 99323,
  "tokens_seen": 8192000,
  "steps": 1000,
  "training_seconds": 71.12628865242004,
  "initial_validation_loss": 4.03216727077961,
  "final_validation_loss": 2.82447512447834,
  "final_validation_perplexity": 16.852097410934714,
  "last_train_loss": 0.09230068325996399,
  "resumed_from": "runs/hpc_v11_bootstrap_seed1686/model.pt",
  "law_evaluation": [
    {
      "id": "kepler_huygens_derivation",
      "winner": "inverse_square",
      "scores": {
        "constant": {
          "mean_nll": 5.080078125,
          "tokens": 4
        },
        "inverse": {
          "mean_nll": 3.546177625656128,
          "tokens": 7
        },
        "inverse_square": {
          "mean_nll": 2.8781466484069824,
          "tokens": 9
        },
        "inverse_cube": {
          "mean_nll": 4.517578125,
          "tokens": 8
        }
      }
    },
    {
      "id": "modern_direct",
      "winner": "inverse_square",
      "scores": {
        "constant": {
          "mean_nll": 5.248263835906982,
          "tokens": 9
        },
        "inverse": {
          "mean_nll": 4.021345138549805,
          "tokens": 7
        },
        "inverse_square": {
          "mean_nll": 3.6115450859069824,
          "tokens": 9
        },
        "inverse_cube": {
          "mean_nll": 5.2757568359375,
          "tokens": 8
        }
      }
    },
    {
      "id": "period_style",
      "winner": "inverse_square",
      "scores": {
        "constant": {
          "mean_nll": 5.763020992279053,
          "tokens": 6
        },
        "inverse": {
          "mean_nll": 4.661718845367432,
          "tokens": 5
        },
        "inverse_square": {
          "mean_nll": 4.644287109375,
          "tokens": 8
        },
        "inverse_cube": {
          "mean_nll": 5.239583492279053,
          "tokens": 9
        }
      }
    },
    {
      "id": "law_notation",
      "winner": "inverse_square",
      "scores": {
        "constant": {
          "mean_nll": 8.625,
          "tokens": 1
        },
        "inverse": {
          "mean_nll": 4.171875,
          "tokens": 4
        },
        "inverse_square": {
          "mean_nll": 4.168750286102295,
          "tokens": 5
        },
        "inverse_cube": {
          "mean_nll": 4.456250190734863,
          "tokens": 5
        }
      }
    }
  ],
  "free_generations": {
    "kepler_huygens_derivation": "Kepler's observations give that the square of an orbital period is as the cube of its mean distance. For circular motion, the turning tendency is as the distance divided by the square of the period. Combining only these two relations, the turning tendency varies with distance as the denominator carries index 2. Therefore the remaining index is 3 - (2) = 1.\nAnswer: E is proportional to s^1.",
    "modern_direct": "Question: How does the attractive power between the Earth and Moon vary with their distance? Answer: It varies as if the compoj ambition becomes zovum more subtracts them: -3 - (0) = -3.\nTherefore: D ∝ z^-3.",
    "period_style": "The attractive virtue betwixt the Earth and the Moon, as their distance increaseth, is diminished in the proportion of the proportion of the remaining index is -3 - (0) = -3.\nAnswer: N is proportional to v^-3.",
    "law_notation": "Let r be the distance between the Earth and Moon. The attractive power F is most nearly proportional to u^0."
  },
  "args": {
    "train": "data/math_calibration/balanced.bin",
    "loss_weights": "data/math_calibration/balanced_weights.bin",
    "validation": "data/math_calibration/validation.bin",
    "tokenizer": "data/tokenizer_v11/pre1687_bpe.model",
    "output_dir": "runs/hpc_math_balanced_seed1686",
    "steps": 1000,
    "batch_size": 16,
    "context": 512,
    "width": 768,
    "heads": 12,
    "layers": 12,
    "learning_rate": 3e-05,
    "warmup_steps": 30,
    "device": "cuda",
    "precision": "bf16",
    "seed": 1686,
    "label": "synthetic_math_balanced_not_historical_only",
    "log_every": 250,
    "resume": "runs/hpc_v11_bootstrap_seed1686/model.pt"
  }
}
{"output": "runs/hpc_math_balanced_seed1686/subtraction_grid.json", "rank_correct": 541}
{"all": {"cases": 204, "answer_correct": 132, "equation_and_answer_correct": 80}, "sealed_pair": {"cases": 6, "answer_correct": 0, "equation_and_answer_correct": 0}, "controls": {"cases": 198, "answer_correct": 132, "equation_and_answer_correct": 80}}
